current directory: /Users/neet/ghq/github.com/neet/mono/vendor/bundle/ruby/3.3.0/gems/ed25519-1.4.0/ext/ed25519_ref10
/nix/store/b2jray7ww0d2640z53kdzs5kpp9m3zh7-ruby-3.3.9/bin/ruby extconf.rb
checking for whether -Wall is accepted as CFLAGS... yes
checking for whether -O3 is accepted as CFLAGS... yes
checking for whether -pedantic is accepted as CFLAGS... no
checking for whether -std=c99 is accepted as CFLAGS... yes
creating Makefile

current directory: /Users/neet/ghq/github.com/neet/mono/vendor/bundle/ruby/3.3.0/gems/ed25519-1.4.0/ext/ed25519_ref10
make DESTDIR\= sitearchdir\=./.gem.20250926-26212-mmcgvu sitelibdir\=./.gem.20250926-26212-mmcgvu clean

current directory: /Users/neet/ghq/github.com/neet/mono/vendor/bundle/ruby/3.3.0/gems/ed25519-1.4.0/ext/ed25519_ref10
make DESTDIR\= sitearchdir\=./.gem.20250926-26212-mmcgvu sitelibdir\=./.gem.20250926-26212-mmcgvu
compiling ed25519_ref10.c
compiling fe.c
compiling ge.c
compiling keypair.c
compiling open.c
compiling sc_muladd.c
compiling sc_reduce.c
compiling sha512.c
compiling sign.c
compiling verify.c
linking shared-object ed25519_ref10.bundle

current directory: /Users/neet/ghq/github.com/neet/mono/vendor/bundle/ruby/3.3.0/gems/ed25519-1.4.0/ext/ed25519_ref10
make DESTDIR\= sitearchdir\=./.gem.20250926-26212-mmcgvu sitelibdir\=./.gem.20250926-26212-mmcgvu install
install -c -p -m 755 ed25519_ref10.bundle ./.gem.20250926-26212-mmcgvu

current directory: /Users/neet/ghq/github.com/neet/mono/vendor/bundle/ruby/3.3.0/gems/ed25519-1.4.0/ext/ed25519_ref10
make DESTDIR\= sitearchdir\=./.gem.20250926-26212-mmcgvu sitelibdir\=./.gem.20250926-26212-mmcgvu clean
