current directory: /Users/neet/ghq/github.com/neet/mono/vendor/bundle/ruby/3.3.0/gems/bigdecimal-3.2.3/ext/bigdecimal
/nix/store/b2jray7ww0d2640z53kdzs5kpp9m3zh7-ruby-3.3.9/bin/ruby extconf.rb
checking for __builtin_clz()... yes
checking for __builtin_clzl()... yes
checking for __builtin_clzll()... yes
checking for float.h... yes
checking for math.h... yes
checking for stdbool.h... yes
checking for stdlib.h... yes
checking for x86intrin.h... no
checking for intrin.h... no
checking for ruby/atomic.h... yes
checking for ruby/internal/has/builtin.h... yes
checking for ruby/internal/static_assert.h... yes
checking for rb_complex_real() in ruby.h... yes
checking for rb_complex_imag() in ruby.h... yes
checking for rb_opts_exception_p() in ruby.h... yes
checking for rb_category_warn() in ruby.h... yes
checking for RB_WARN_CATEGORY_DEPRECATED in ruby.h... yes
creating Makefile

current directory: /Users/neet/ghq/github.com/neet/mono/vendor/bundle/ruby/3.3.0/gems/bigdecimal-3.2.3/ext/bigdecimal
make DESTDIR\= sitearchdir\=./.gem.20250926-43340-8jvf0w sitelibdir\=./.gem.20250926-43340-8jvf0w clean

current directory: /Users/neet/ghq/github.com/neet/mono/vendor/bundle/ruby/3.3.0/gems/bigdecimal-3.2.3/ext/bigdecimal
make DESTDIR\= sitearchdir\=./.gem.20250926-43340-8jvf0w sitelibdir\=./.gem.20250926-43340-8jvf0w
compiling bigdecimal.c
compiling missing.c
linking shared-object bigdecimal.bundle

current directory: /Users/neet/ghq/github.com/neet/mono/vendor/bundle/ruby/3.3.0/gems/bigdecimal-3.2.3/ext/bigdecimal
make DESTDIR\= sitearchdir\=./.gem.20250926-43340-8jvf0w sitelibdir\=./.gem.20250926-43340-8jvf0w install
install -c -p -m 755 bigdecimal.bundle ./.gem.20250926-43340-8jvf0w

current directory: /Users/neet/ghq/github.com/neet/mono/vendor/bundle/ruby/3.3.0/gems/bigdecimal-3.2.3/ext/bigdecimal
make DESTDIR\= sitearchdir\=./.gem.20250926-43340-8jvf0w sitelibdir\=./.gem.20250926-43340-8jvf0w clean
