current directory: /Users/neet/ghq/github.com/neet/mono/vendor/bundle/ruby/3.3.0/gems/psych-5.2.6/ext/psych
/nix/store/b2jray7ww0d2640z53kdzs5kpp9m3zh7-ruby-3.3.9/bin/ruby extconf.rb
checking for pkg-config for yaml-0.1... ["-I/nix/store/alv50py6jqrpjs41i6c3a6g9kmwg7ng3-libyaml-0.2.5-dev/include ", "-L/nix/store/9m9h3bs4nxibpv3qss4gzl9qhn7fdrhg-libyaml-0.2.5/lib", "-lyaml"]
checking for yaml.h... yes
checking for yaml_get_version() in -lyaml... yes
creating Makefile

current directory: /Users/neet/ghq/github.com/neet/mono/vendor/bundle/ruby/3.3.0/gems/psych-5.2.6/ext/psych
make DESTDIR\= sitearchdir\=./.gem.20250926-30298-20work sitelibdir\=./.gem.20250926-30298-20work clean
cd libyaml && make clean
/bin/sh: line 0: cd: libyaml: No such file or directory
make: [Makefile:284: clean-so] Error 1 (ignored)

current directory: /Users/neet/ghq/github.com/neet/mono/vendor/bundle/ruby/3.3.0/gems/psych-5.2.6/ext/psych
make DESTDIR\= sitearchdir\=./.gem.20250926-30298-20work sitelibdir\=./.gem.20250926-30298-20work
compiling psych.c
compiling psych_emitter.c
compiling psych_parser.c
compiling psych_to_ruby.c
compiling psych_yaml_tree.c
linking shared-object psych.bundle

current directory: /Users/neet/ghq/github.com/neet/mono/vendor/bundle/ruby/3.3.0/gems/psych-5.2.6/ext/psych
make DESTDIR\= sitearchdir\=./.gem.20250926-30298-20work sitelibdir\=./.gem.20250926-30298-20work install
install -c -p -m 755 psych.bundle ./.gem.20250926-30298-20work

current directory: /Users/neet/ghq/github.com/neet/mono/vendor/bundle/ruby/3.3.0/gems/psych-5.2.6/ext/psych
make DESTDIR\= sitearchdir\=./.gem.20250926-30298-20work sitelibdir\=./.gem.20250926-30298-20work clean
cd libyaml && make clean
/bin/sh: line 0: cd: libyaml: No such file or directory
make: [Makefile:284: clean-so] Error 1 (ignored)
