current directory: /Users/neet/ghq/github.com/neet/mono/vendor/bundle/ruby/3.3.0/gems/prism-1.5.1/ext/prism
/nix/store/b2jray7ww0d2640z53kdzs5kpp9m3zh7-ruby-3.3.9/bin/ruby extconf.rb
checking for prism.h in /Users/neet/ghq/github.com/neet/mono/vendor/bundle/ruby/3.3.0/gems/prism-1.5.1/include... yes
checking for prism/extension.h in /Users/neet/ghq/github.com/neet/mono/vendor/bundle/ruby/3.3.0/gems/prism-1.5.1/ext... yes
checking for whether -fvisibility=hidden is accepted as CFLAGS... yes
creating Makefile

current directory: /Users/neet/ghq/github.com/neet/mono/vendor/bundle/ruby/3.3.0/gems/prism-1.5.1/ext/prism
make DESTDIR\= sitearchdir\=./.gem.20250926-26212-7hoh3w sitelibdir\=./.gem.20250926-26212-7hoh3w clean

current directory: /Users/neet/ghq/github.com/neet/mono/vendor/bundle/ruby/3.3.0/gems/prism-1.5.1/ext/prism
make DESTDIR\= sitearchdir\=./.gem.20250926-26212-7hoh3w sitelibdir\=./.gem.20250926-26212-7hoh3w
compiling api_node.c
compiling api_pack.c
compiling extension.c
compiling ./../../src/diagnostic.c
compiling ./../../src/encoding.c
compiling ./../../src/node.c
compiling ./../../src/options.c
compiling ./../../src/pack.c
compiling ./../../src/prettyprint.c
compiling ./../../src/prism.c
compiling ./../../src/regexp.c
compiling ./../../src/serialize.c
compiling ./../../src/static_literals.c
compiling ./../../src/token_type.c
compiling ./../../src/util/pm_buffer.c
compiling ./../../src/util/pm_char.c
compiling ./../../src/util/pm_constant_pool.c
compiling ./../../src/util/pm_integer.c
compiling ./../../src/util/pm_list.c
compiling ./../../src/util/pm_memchr.c
compiling ./../../src/util/pm_newline_list.c
compiling ./../../src/util/pm_string.c
compiling ./../../src/util/pm_strncasecmp.c
compiling ./../../src/util/pm_strpbrk.c
linking shared-object prism/prism.bundle

current directory: /Users/neet/ghq/github.com/neet/mono/vendor/bundle/ruby/3.3.0/gems/prism-1.5.1/ext/prism
make DESTDIR\= sitearchdir\=./.gem.20250926-26212-7hoh3w sitelibdir\=./.gem.20250926-26212-7hoh3w install
install -c -p -m 755 prism.bundle ./.gem.20250926-26212-7hoh3w/prism

current directory: /Users/neet/ghq/github.com/neet/mono/vendor/bundle/ruby/3.3.0/gems/prism-1.5.1/ext/prism
make DESTDIR\= sitearchdir\=./.gem.20250926-26212-7hoh3w sitelibdir\=./.gem.20250926-26212-7hoh3w clean
